\BOOKMARK [0][-]{chapter.1}{\376\377\0001\000\040\000Z\000i\000p\000C\000o\000d\000e\0003\000.\0000}{}% 1
\BOOKMARK [1][-]{section.1.1}{\376\377\0001\000.\0001\000\040\000Z\000I\000P\000\040\000C\000o\000d\000e\000\040\000B\000l\000o\000c\000k\000e\000d\000\040\000S\000e\000q\000u\000e\000n\000c\000e\000\040\000S\000e\000t\000\040\000P\000r\000o\000c\000e\000s\000s\000o\000r}{chapter.1}% 2
\BOOKMARK [1][-]{section.1.2}{\376\377\0001\000.\0002\000\040\000D\000e\000s\000c\000r\000i\000p\000t\000i\000o\000n}{chapter.1}% 3
\BOOKMARK [1][-]{section.1.3}{\376\377\0001\000.\0003\000\040\000F\000e\000a\000t\000u\000r\000e\000s}{chapter.1}% 4
\BOOKMARK [1][-]{section.1.4}{\376\377\0001\000.\0004\000\040\000P\000r\000o\000j\000e\000c\000t\000\040\000S\000t\000r\000u\000c\000t\000u\000r\000e}{chapter.1}% 5
\BOOKMARK [1][-]{section.1.5}{\376\377\0001\000.\0005\000\040\000B\000u\000i\000l\000d\000\040\000I\000n\000s\000t\000r\000u\000c\000t\000i\000o\000n\000s}{chapter.1}% 6
\BOOKMARK [1][-]{section.1.6}{\376\377\0001\000.\0006\000\040\000S\000t\000e\000p\000-\000b\000y\000-\000S\000t\000e\000p\000\040\000U\000s\000a\000g\000e}{chapter.1}% 7
\BOOKMARK [2][-]{subsection.1.6.1}{\376\377\0001\000.\0006\000.\0001\000\040\0001\000.\000\040\000C\000o\000n\000v\000e\000r\000t\000\040\000C\000S\000V\000\040\000t\000o\000\040\000L\000e\000n\000g\000t\000h\000-\000I\000n\000d\000i\000c\000a\000t\000e\000d}{section.1.6}% 8
\BOOKMARK [2][-]{subsection.1.6.2}{\376\377\0001\000.\0006\000.\0002\000\040\0002\000.\000\040\000C\000o\000n\000v\000e\000r\000t\000\040\000t\000o\000\040\000B\000l\000o\000c\000k\000e\000d\000\040\000S\000e\000q\000u\000e\000n\000c\000e\000\040\000S\000e\000t}{section.1.6}% 9
\BOOKMARK [2][-]{subsection.1.6.3}{\376\377\0001\000.\0006\000.\0003\000\040\0003\000.\000\040\000B\000u\000i\000l\000d\000\040\000P\000r\000i\000m\000a\000r\000y\000\040\000K\000e\000y\000\040\000I\000n\000d\000e\000x}{section.1.6}% 10
\BOOKMARK [2][-]{subsection.1.6.4}{\376\377\0001\000.\0006\000.\0004\000\040\0004\000.\000\040\000D\000u\000m\000p\000\040\000t\000h\000e\000\040\000F\000i\000l\000e}{section.1.6}% 11
\BOOKMARK [2][-]{subsection.1.6.5}{\376\377\0001\000.\0006\000.\0005\000\040\0005\000.\000\040\000S\000e\000a\000r\000c\000h\000\040\000b\000y\000\040\000Z\000I\000P\000\040\000C\000o\000d\000e}{section.1.6}% 12
\BOOKMARK [2][-]{subsection.1.6.6}{\376\377\0001\000.\0006\000.\0006\000\040\0006\000.\000\040\000I\000n\000s\000e\000r\000t\000\040\000R\000e\000c\000o\000r\000d\000s}{section.1.6}% 13
\BOOKMARK [2][-]{subsection.1.6.7}{\376\377\0001\000.\0006\000.\0007\000\040\0007\000.\000\040\000D\000e\000l\000e\000t\000e\000\040\000R\000e\000c\000o\000r\000d\000s}{section.1.6}% 14
\BOOKMARK [1][-]{section.1.7}{\376\377\0001\000.\0007\000\040\000O\000u\000t\000p\000u\000t\000\040\000E\000x\000a\000m\000p\000l\000e\000\040\000\050\000S\000e\000a\000r\000c\000h\000\051}{chapter.1}% 15
\BOOKMARK [1][-]{section.1.8}{\376\377\0001\000.\0008\000\040\000O\000u\000t\000p\000u\000t\000\040\000E\000x\000a\000m\000p\000l\000e\000\040\000\050\000D\000u\000m\000p\000\051}{chapter.1}% 16
\BOOKMARK [1][-]{section.1.9}{\376\377\0001\000.\0009\000\040\000E\000r\000r\000o\000r\000\040\000H\000a\000n\000d\000l\000i\000n\000g}{chapter.1}% 17
\BOOKMARK [1][-]{section.1.10}{\376\377\0001\000.\0001\0000\000\040\000A\000u\000t\000h\000o\000r\000s}{chapter.1}% 18
\BOOKMARK [0][-]{chapter.2}{\376\377\0002\000\040\000C\000l\000a\000s\000s\000\040\000I\000n\000d\000e\000x}{}% 19
\BOOKMARK [1][-]{section.2.1}{\376\377\0002\000.\0001\000\040\000C\000l\000a\000s\000s\000\040\000L\000i\000s\000t}{chapter.2}% 20
\BOOKMARK [0][-]{chapter.3}{\376\377\0003\000\040\000F\000i\000l\000e\000\040\000I\000n\000d\000e\000x}{}% 21
\BOOKMARK [1][-]{section.3.1}{\376\377\0003\000.\0001\000\040\000F\000i\000l\000e\000\040\000L\000i\000s\000t}{chapter.3}% 22
\BOOKMARK [0][-]{chapter.4}{\376\377\0004\000\040\000C\000l\000a\000s\000s\000\040\000D\000o\000c\000u\000m\000e\000n\000t\000a\000t\000i\000o\000n}{}% 23
\BOOKMARK [1][-]{section.4.1}{\376\377\0004\000.\0001\000\040\000A\000v\000a\000i\000l\000B\000l\000o\000c\000k\000\040\000S\000t\000r\000u\000c\000t\000\040\000R\000e\000f\000e\000r\000e\000n\000c\000e}{chapter.4}% 24
\BOOKMARK [2][-]{subsection.4.1.1}{\376\377\0004\000.\0001\000.\0001\000\040\000D\000e\000t\000a\000i\000l\000e\000d\000\040\000D\000e\000s\000c\000r\000i\000p\000t\000i\000o\000n}{section.4.1}% 25
\BOOKMARK [2][-]{subsection.4.1.2}{\376\377\0004\000.\0001\000.\0002\000\040\000C\000o\000n\000s\000t\000r\000u\000c\000t\000o\000r\000\040\000\046\000\040\000D\000e\000s\000t\000r\000u\000c\000t\000o\000r\000\040\000D\000o\000c\000u\000m\000e\000n\000t\000a\000t\000i\000o\000n}{section.4.1}% 26
\BOOKMARK [3][-]{subsubsection.4.1.2.1}{\376\377\0004\000.\0001\000.\0002\000.\0001\000\040\000A\000v\000a\000i\000l\000B\000l\000o\000c\000k\000\050\000\051}{subsection.4.1.2}% 27
\BOOKMARK [2][-]{subsection.4.1.3}{\376\377\0004\000.\0001\000.\0003\000\040\000M\000e\000m\000b\000e\000r\000\040\000D\000a\000t\000a\000\040\000D\000o\000c\000u\000m\000e\000n\000t\000a\000t\000i\000o\000n}{section.4.1}% 28
\BOOKMARK [3][-]{subsubsection.4.1.3.1}{\376\377\0004\000.\0001\000.\0003\000.\0001\000\040\000b\000l\000a\000n\000k\000F\000i\000l\000l}{subsection.4.1.3}% 29
\BOOKMARK [3][-]{subsubsection.4.1.3.2}{\376\377\0004\000.\0001\000.\0003\000.\0002\000\040\000n\000e\000x\000t\000A\000v\000a\000i\000l\000R\000B\000N}{subsection.4.1.3}% 30
\BOOKMARK [3][-]{subsubsection.4.1.3.3}{\376\377\0004\000.\0001\000.\0003\000.\0003\000\040\000r\000e\000c\000o\000r\000d\000C\000o\000u\000n\000t}{subsection.4.1.3}% 31
\BOOKMARK [1][-]{section.4.2}{\376\377\0004\000.\0002\000\040\000B\000l\000o\000c\000k\000\040\000S\000t\000r\000u\000c\000t\000\040\000R\000e\000f\000e\000r\000e\000n\000c\000e}{chapter.4}% 32
\BOOKMARK [2][-]{subsection.4.2.1}{\376\377\0004\000.\0002\000.\0001\000\040\000D\000e\000t\000a\000i\000l\000e\000d\000\040\000D\000e\000s\000c\000r\000i\000p\000t\000i\000o\000n}{section.4.2}% 33
\BOOKMARK [2][-]{subsection.4.2.2}{\376\377\0004\000.\0002\000.\0002\000\040\000M\000e\000m\000b\000e\000r\000\040\000D\000a\000t\000a\000\040\000D\000o\000c\000u\000m\000e\000n\000t\000a\000t\000i\000o\000n}{section.4.2}% 34
\BOOKMARK [3][-]{subsubsection.4.2.2.1}{\376\377\0004\000.\0002\000.\0002\000.\0001\000\040\000n\000e\000x\000t\000R\000B\000N}{subsection.4.2.2}% 35
\BOOKMARK [3][-]{subsubsection.4.2.2.2}{\376\377\0004\000.\0002\000.\0002\000.\0002\000\040\000p\000r\000e\000v\000R\000B\000N}{subsection.4.2.2}% 36
\BOOKMARK [3][-]{subsubsection.4.2.2.3}{\376\377\0004\000.\0002\000.\0002\000.\0003\000\040\000r\000e\000c\000o\000r\000d\000C\000o\000u\000n\000t}{subsection.4.2.2}% 37
\BOOKMARK [3][-]{subsubsection.4.2.2.4}{\376\377\0004\000.\0002\000.\0002\000.\0004\000\040\000r\000e\000c\000o\000r\000d\000s}{subsection.4.2.2}% 38
\BOOKMARK [1][-]{section.4.3}{\376\377\0004\000.\0003\000\040\000B\000l\000o\000c\000k\000B\000u\000f\000f\000e\000r\000\040\000C\000l\000a\000s\000s\000\040\000R\000e\000f\000e\000r\000e\000n\000c\000e}{chapter.4}% 39
\BOOKMARK [2][-]{subsection.4.3.1}{\376\377\0004\000.\0003\000.\0001\000\040\000D\000e\000t\000a\000i\000l\000e\000d\000\040\000D\000e\000s\000c\000r\000i\000p\000t\000i\000o\000n}{section.4.3}% 40
\BOOKMARK [2][-]{subsection.4.3.2}{\376\377\0004\000.\0003\000.\0002\000\040\000M\000e\000m\000b\000e\000r\000\040\000F\000u\000n\000c\000t\000i\000o\000n\000\040\000D\000o\000c\000u\000m\000e\000n\000t\000a\000t\000i\000o\000n}{section.4.3}% 41
\BOOKMARK [3][-]{subsubsection.4.3.2.1}{\376\377\0004\000.\0003\000.\0002\000.\0001\000\040\000r\000e\000a\000d\000B\000l\000o\000c\000k\000\050\000\051}{subsection.4.3.2}% 42
\BOOKMARK [3][-]{subsubsection.4.3.2.2}{\376\377\0004\000.\0003\000.\0002\000.\0002\000\040\000r\000e\000a\000d\000N\000e\000x\000t\000A\000v\000a\000i\000l\000R\000B\000N\000\050\000\051}{subsection.4.3.2}% 43
\BOOKMARK [3][-]{subsubsection.4.3.2.3}{\376\377\0004\000.\0003\000.\0002\000.\0003\000\040\000w\000r\000i\000t\000e\000A\000v\000a\000i\000l\000B\000l\000o\000c\000k\000\050\000\051}{subsection.4.3.2}% 44
\BOOKMARK [3][-]{subsubsection.4.3.2.4}{\376\377\0004\000.\0003\000.\0002\000.\0004\000\040\000w\000r\000i\000t\000e\000B\000l\000o\000c\000k\000\050\000\051}{subsection.4.3.2}% 45
\BOOKMARK [1][-]{section.4.4}{\376\377\0004\000.\0004\000\040\000C\000S\000V\000B\000u\000f\000f\000e\000r\000\040\000C\000l\000a\000s\000s\000\040\000R\000e\000f\000e\000r\000e\000n\000c\000e}{chapter.4}% 46
\BOOKMARK [2][-]{subsection.4.4.1}{\376\377\0004\000.\0004\000.\0001\000\040\000D\000e\000t\000a\000i\000l\000e\000d\000\040\000D\000e\000s\000c\000r\000i\000p\000t\000i\000o\000n}{section.4.4}% 47
\BOOKMARK [2][-]{subsection.4.4.2}{\376\377\0004\000.\0004\000.\0002\000\040\000C\000o\000n\000s\000t\000r\000u\000c\000t\000o\000r\000\040\000\046\000\040\000D\000e\000s\000t\000r\000u\000c\000t\000o\000r\000\040\000D\000o\000c\000u\000m\000e\000n\000t\000a\000t\000i\000o\000n}{section.4.4}% 48
\BOOKMARK [3][-]{subsubsection.4.4.2.1}{\376\377\0004\000.\0004\000.\0002\000.\0001\000\040\000C\000S\000V\000B\000u\000f\000f\000e\000r\000\050\000\051}{subsection.4.4.2}% 49
\BOOKMARK [2][-]{subsection.4.4.3}{\376\377\0004\000.\0004\000.\0003\000\040\000M\000e\000m\000b\000e\000r\000\040\000F\000u\000n\000c\000t\000i\000o\000n\000\040\000D\000o\000c\000u\000m\000e\000n\000t\000a\000t\000i\000o\000n}{section.4.4}% 50
\BOOKMARK [3][-]{subsubsection.4.4.3.1}{\376\377\0004\000.\0004\000.\0003\000.\0001\000\040\000b\000u\000i\000l\000d\000P\000r\000i\000m\000a\000r\000y\000K\000e\000y\000I\000n\000d\000e\000x\000\050\000\051}{subsection.4.4.3}% 51
\BOOKMARK [3][-]{subsubsection.4.4.3.2}{\376\377\0004\000.\0004\000.\0003\000.\0002\000\040\000c\000o\000n\000v\000e\000r\000t\000C\000S\000V\000T\000o\000L\000e\000n\000g\000t\000h\000I\000n\000d\000i\000c\000a\000t\000e\000d\000\050\000\051}{subsection.4.4.3}% 52
\BOOKMARK [3][-]{subsubsection.4.4.3.3}{\376\377\0004\000.\0004\000.\0003\000.\0003\000\040\000g\000e\000n\000e\000r\000a\000t\000e\000S\000t\000a\000t\000e\000T\000a\000b\000l\000e\000\050\000\051}{subsection.4.4.3}% 53
\BOOKMARK [3][-]{subsubsection.4.4.3.4}{\376\377\0004\000.\0004\000.\0003\000.\0004\000\040\000g\000e\000t\000R\000e\000c\000o\000r\000d\000s\000\050\000\051}{subsection.4.4.3}% 54
\BOOKMARK [3][-]{subsubsection.4.4.3.5}{\376\377\0004\000.\0004\000.\0003\000.\0005\000\040\000l\000o\000a\000d\000L\000e\000n\000g\000t\000h\000I\000n\000d\000i\000c\000a\000t\000e\000d\000R\000e\000c\000o\000r\000d\000s\000\050\000\051}{subsection.4.4.3}% 55
\BOOKMARK [3][-]{subsubsection.4.4.3.6}{\376\377\0004\000.\0004\000.\0003\000.\0006\000\040\000l\000o\000a\000d\000R\000e\000c\000o\000r\000d\000s\000\050\000\051}{subsection.4.4.3}% 56
\BOOKMARK [3][-]{subsubsection.4.4.3.7}{\376\377\0004\000.\0004\000.\0003\000.\0007\000\040\000s\000e\000a\000r\000c\000h\000B\000y\000Z\000i\000p\000C\000o\000d\000e\000s\000\050\000\051}{subsection.4.4.3}% 57
\BOOKMARK [2][-]{subsection.4.4.4}{\376\377\0004\000.\0004\000.\0004\000\040\000M\000e\000m\000b\000e\000r\000\040\000D\000a\000t\000a\000\040\000D\000o\000c\000u\000m\000e\000n\000t\000a\000t\000i\000o\000n}{section.4.4}% 58
\BOOKMARK [3][-]{subsubsection.4.4.4.1}{\376\377\0004\000.\0004\000.\0004\000.\0001\000\040\000f\000i\000l\000e}{subsection.4.4.4}% 59
\BOOKMARK [3][-]{subsubsection.4.4.4.2}{\376\377\0004\000.\0004\000.\0004\000.\0002\000\040\000r\000e\000c\000o\000r\000d\000s}{subsection.4.4.4}% 60
\BOOKMARK [1][-]{section.4.5}{\376\377\0004\000.\0005\000\040\000F\000i\000e\000l\000d\000\040\000S\000t\000r\000u\000c\000t\000\040\000R\000e\000f\000e\000r\000e\000n\000c\000e}{chapter.4}% 61
\BOOKMARK [2][-]{subsection.4.5.1}{\376\377\0004\000.\0005\000.\0001\000\040\000D\000e\000t\000a\000i\000l\000e\000d\000\040\000D\000e\000s\000c\000r\000i\000p\000t\000i\000o\000n}{section.4.5}% 62
\BOOKMARK [2][-]{subsection.4.5.2}{\376\377\0004\000.\0005\000.\0002\000\040\000M\000e\000m\000b\000e\000r\000\040\000D\000a\000t\000a\000\040\000D\000o\000c\000u\000m\000e\000n\000t\000a\000t\000i\000o\000n}{section.4.5}% 63
\BOOKMARK [3][-]{subsubsection.4.5.2.1}{\376\377\0004\000.\0005\000.\0002\000.\0001\000\040\000f\000o\000r\000m\000a\000t}{subsection.4.5.2}% 64
\BOOKMARK [3][-]{subsubsection.4.5.2.2}{\376\377\0004\000.\0005\000.\0002\000.\0002\000\040\000i\000s\000P\000r\000i\000m\000a\000r\000y\000K\000e\000y}{subsection.4.5.2}% 65
\BOOKMARK [3][-]{subsubsection.4.5.2.3}{\376\377\0004\000.\0005\000.\0002\000.\0003\000\040\000n\000a\000m\000e}{subsection.4.5.2}% 66
\BOOKMARK [3][-]{subsubsection.4.5.2.4}{\376\377\0004\000.\0005\000.\0002\000.\0004\000\040\000t\000y\000p\000e}{subsection.4.5.2}% 67
\BOOKMARK [1][-]{section.4.6}{\376\377\0004\000.\0006\000\040\000H\000e\000a\000d\000e\000r\000\040\000C\000l\000a\000s\000s\000\040\000R\000e\000f\000e\000r\000e\000n\000c\000e}{chapter.4}% 68
\BOOKMARK [2][-]{subsection.4.6.1}{\376\377\0004\000.\0006\000.\0001\000\040\000D\000e\000t\000a\000i\000l\000e\000d\000\040\000D\000e\000s\000c\000r\000i\000p\000t\000i\000o\000n}{section.4.6}% 69
\BOOKMARK [2][-]{subsection.4.6.2}{\376\377\0004\000.\0006\000.\0002\000\040\000C\000o\000n\000s\000t\000r\000u\000c\000t\000o\000r\000\040\000\046\000\040\000D\000e\000s\000t\000r\000u\000c\000t\000o\000r\000\040\000D\000o\000c\000u\000m\000e\000n\000t\000a\000t\000i\000o\000n}{section.4.6}% 70
\BOOKMARK [3][-]{subsubsection.4.6.2.1}{\376\377\0004\000.\0006\000.\0002\000.\0001\000\040\000H\000e\000a\000d\000e\000r\000\050\000\051\000\040\000[\0001\000/\0002\000]}{subsection.4.6.2}% 71
\BOOKMARK [3][-]{subsubsection.4.6.2.2}{\376\377\0004\000.\0006\000.\0002\000.\0002\000\040\000H\000e\000a\000d\000e\000r\000\050\000\051\000\040\000[\0002\000/\0002\000]}{subsection.4.6.2}% 72
\BOOKMARK [2][-]{subsection.4.6.3}{\376\377\0004\000.\0006\000.\0003\000\040\000M\000e\000m\000b\000e\000r\000\040\000F\000u\000n\000c\000t\000i\000o\000n\000\040\000D\000o\000c\000u\000m\000e\000n\000t\000a\000t\000i\000o\000n}{section.4.6}% 73
\BOOKMARK [3][-]{subsubsection.4.6.3.1}{\376\377\0004\000.\0006\000.\0003\000.\0001\000\040\000r\000e\000a\000d\000F\000r\000o\000m\000F\000i\000l\000e\000\050\000\051}{subsection.4.6.3}% 74
\BOOKMARK [3][-]{subsubsection.4.6.3.2}{\376\377\0004\000.\0006\000.\0003\000.\0002\000\040\000w\000r\000i\000t\000e\000T\000o\000F\000i\000l\000e\000\050\000\051}{subsection.4.6.3}% 75
\BOOKMARK [2][-]{subsection.4.6.4}{\376\377\0004\000.\0006\000.\0004\000\040\000M\000e\000m\000b\000e\000r\000\040\000D\000a\000t\000a\000\040\000D\000o\000c\000u\000m\000e\000n\000t\000a\000t\000i\000o\000n}{section.4.6}% 76
\BOOKMARK [3][-]{subsubsection.4.6.4.1}{\376\377\0004\000.\0006\000.\0004\000.\0001\000\040\000a\000v\000a\000i\000l\000L\000i\000s\000t\000H\000e\000a\000d\000R\000B\000N}{subsection.4.6.4}% 77
\BOOKMARK [3][-]{subsubsection.4.6.4.2}{\376\377\0004\000.\0006\000.\0004\000.\0002\000\040\000b\000l\000o\000c\000k\000C\000o\000u\000n\000t}{subsection.4.6.4}% 78
\BOOKMARK [3][-]{subsubsection.4.6.4.3}{\376\377\0004\000.\0006\000.\0004\000.\0003\000\040\000b\000l\000o\000c\000k\000S\000i\000z\000e}{subsection.4.6.4}% 79
\BOOKMARK [3][-]{subsubsection.4.6.4.4}{\376\377\0004\000.\0006\000.\0004\000.\0004\000\040\000f\000i\000e\000l\000d\000s}{subsection.4.6.4}% 80
\BOOKMARK [3][-]{subsubsection.4.6.4.5}{\376\377\0004\000.\0006\000.\0004\000.\0005\000\040\000f\000i\000e\000l\000d\000s\000P\000e\000r\000R\000e\000c\000o\000r\000d}{subsection.4.6.4}% 81
\BOOKMARK [3][-]{subsubsection.4.6.4.6}{\376\377\0004\000.\0006\000.\0004\000.\0006\000\040\000f\000i\000l\000e\000S\000t\000r\000u\000c\000t\000u\000r\000e\000T\000y\000p\000e}{subsection.4.6.4}% 82
\BOOKMARK [3][-]{subsubsection.4.6.4.7}{\376\377\0004\000.\0006\000.\0004\000.\0007\000\040\000h\000e\000a\000d\000e\000r\000S\000i\000z\000e}{subsection.4.6.4}% 83
\BOOKMARK [3][-]{subsubsection.4.6.4.8}{\376\377\0004\000.\0006\000.\0004\000.\0008\000\040\000i\000n\000d\000e\000x\000F\000i\000l\000e\000N\000a\000m\000e}{subsection.4.6.4}% 84
\BOOKMARK [3][-]{subsubsection.4.6.4.9}{\376\377\0004\000.\0006\000.\0004\000.\0009\000\040\000i\000n\000d\000e\000x\000S\000c\000h\000e\000m\000a}{subsection.4.6.4}% 85
\BOOKMARK [3][-]{subsubsection.4.6.4.10}{\376\377\0004\000.\0006\000.\0004\000.\0001\0000\000\040\000m\000i\000n\000B\000l\000o\000c\000k\000C\000a\000p\000a\000c\000i\000t\000y}{subsection.4.6.4}% 86
\BOOKMARK [3][-]{subsubsection.4.6.4.11}{\376\377\0004\000.\0006\000.\0004\000.\0001\0001\000\040\000p\000r\000i\000m\000a\000r\000y\000K\000e\000y}{subsection.4.6.4}% 87
\BOOKMARK [3][-]{subsubsection.4.6.4.12}{\376\377\0004\000.\0006\000.\0004\000.\0001\0002\000\040\000p\000r\000i\000m\000a\000r\000y\000K\000e\000y\000F\000i\000l\000e\000N\000a\000m\000e}{subsection.4.6.4}% 88
\BOOKMARK [3][-]{subsubsection.4.6.4.13}{\376\377\0004\000.\0006\000.\0004\000.\0001\0003\000\040\000p\000r\000i\000m\000a\000r\000y\000K\000e\000y\000O\000r\000d\000i\000n\000a\000l}{subsection.4.6.4}% 89
\BOOKMARK [3][-]{subsubsection.4.6.4.14}{\376\377\0004\000.\0006\000.\0004\000.\0001\0004\000\040\000r\000e\000c\000o\000r\000d\000C\000o\000u\000n\000t}{subsection.4.6.4}% 90
\BOOKMARK [3][-]{subsubsection.4.6.4.15}{\376\377\0004\000.\0006\000.\0004\000.\0001\0005\000\040\000r\000e\000c\000o\000r\000d\000S\000i\000z\000e\000F\000i\000e\000l\000d\000L\000e\000n\000g\000t\000h}{subsection.4.6.4}% 91
\BOOKMARK [3][-]{subsubsection.4.6.4.16}{\376\377\0004\000.\0006\000.\0004\000.\0001\0006\000\040\000s\000e\000q\000u\000e\000n\000c\000e\000L\000i\000s\000t\000H\000e\000a\000d\000R\000B\000N}{subsection.4.6.4}% 92
\BOOKMARK [3][-]{subsubsection.4.6.4.17}{\376\377\0004\000.\0006\000.\0004\000.\0001\0007\000\040\000s\000i\000z\000e\000F\000o\000r\000m\000a\000t\000T\000y\000p\000e}{subsection.4.6.4}% 93
\BOOKMARK [3][-]{subsubsection.4.6.4.18}{\376\377\0004\000.\0006\000.\0004\000.\0001\0008\000\040\000s\000i\000z\000e\000I\000n\000B\000y\000t\000e\000s}{subsection.4.6.4}% 94
\BOOKMARK [3][-]{subsubsection.4.6.4.19}{\376\377\0004\000.\0006\000.\0004\000.\0001\0009\000\040\000s\000t\000a\000l\000e}{subsection.4.6.4}% 95
\BOOKMARK [3][-]{subsubsection.4.6.4.20}{\376\377\0004\000.\0006\000.\0004\000.\0002\0000\000\040\000v\000e\000r\000s\000i\000o\000n}{subsection.4.6.4}% 96
\BOOKMARK [1][-]{section.4.7}{\376\377\0004\000.\0007\000\040\000H\000e\000a\000d\000e\000r\000B\000u\000f\000f\000e\000r\0003\000\040\000C\000l\000a\000s\000s\000\040\000R\000e\000f\000e\000r\000e\000n\000c\000e}{chapter.4}% 97
\BOOKMARK [2][-]{subsection.4.7.1}{\376\377\0004\000.\0007\000.\0001\000\040\000D\000e\000t\000a\000i\000l\000e\000d\000\040\000D\000e\000s\000c\000r\000i\000p\000t\000i\000o\000n}{section.4.7}% 98
\BOOKMARK [2][-]{subsection.4.7.2}{\376\377\0004\000.\0007\000.\0002\000\040\000M\000e\000m\000b\000e\000r\000\040\000F\000u\000n\000c\000t\000i\000o\000n\000\040\000D\000o\000c\000u\000m\000e\000n\000t\000a\000t\000i\000o\000n}{section.4.7}% 99
\BOOKMARK [3][-]{subsubsection.4.7.2.1}{\376\377\0004\000.\0007\000.\0002\000.\0001\000\040\000r\000e\000a\000d\000\050\000\051}{subsection.4.7.2}% 100
\BOOKMARK [3][-]{subsubsection.4.7.2.2}{\376\377\0004\000.\0007\000.\0002\000.\0002\000\040\000r\000e\000a\000d\000F\000i\000e\000l\000d\000\050\000\051}{subsection.4.7.2}% 101
\BOOKMARK [3][-]{subsubsection.4.7.2.3}{\376\377\0004\000.\0007\000.\0002\000.\0003\000\040\000w\000r\000i\000t\000e\000\050\000\051}{subsection.4.7.2}% 102
\BOOKMARK [3][-]{subsubsection.4.7.2.4}{\376\377\0004\000.\0007\000.\0002\000.\0004\000\040\000w\000r\000i\000t\000e\000F\000i\000e\000l\000d\000\050\000\051}{subsection.4.7.2}% 103
\BOOKMARK [2][-]{subsection.4.7.3}{\376\377\0004\000.\0007\000.\0003\000\040\000M\000e\000m\000b\000e\000r\000\040\000D\000a\000t\000a\000\040\000D\000o\000c\000u\000m\000e\000n\000t\000a\000t\000i\000o\000n}{section.4.7}% 104
\BOOKMARK [3][-]{subsubsection.4.7.3.1}{\376\377\0004\000.\0007\000.\0003\000.\0001\000\040\000h\000e\000a\000d\000e\000r}{subsection.4.7.3}% 105
\BOOKMARK [1][-]{section.4.8}{\376\377\0004\000.\0008\000\040\000R\000e\000c\000o\000r\000d\000B\000u\000f\000f\000e\000r\000\040\000C\000l\000a\000s\000s\000\040\000R\000e\000f\000e\000r\000e\000n\000c\000e}{chapter.4}% 106
\BOOKMARK [2][-]{subsection.4.8.1}{\376\377\0004\000.\0008\000.\0001\000\040\000D\000e\000t\000a\000i\000l\000e\000d\000\040\000D\000e\000s\000c\000r\000i\000p\000t\000i\000o\000n}{section.4.8}% 107
\BOOKMARK [2][-]{subsection.4.8.2}{\376\377\0004\000.\0008\000.\0002\000\040\000C\000o\000n\000s\000t\000r\000u\000c\000t\000o\000r\000\040\000\046\000\040\000D\000e\000s\000t\000r\000u\000c\000t\000o\000r\000\040\000D\000o\000c\000u\000m\000e\000n\000t\000a\000t\000i\000o\000n}{section.4.8}% 108
\BOOKMARK [3][-]{subsubsection.4.8.2.1}{\376\377\0004\000.\0008\000.\0002\000.\0001\000\040\000R\000e\000c\000o\000r\000d\000B\000u\000f\000f\000e\000r\000\050\000\051}{subsection.4.8.2}% 109
\BOOKMARK [2][-]{subsection.4.8.3}{\376\377\0004\000.\0008\000.\0003\000\040\000M\000e\000m\000b\000e\000r\000\040\000F\000u\000n\000c\000t\000i\000o\000n\000\040\000D\000o\000c\000u\000m\000e\000n\000t\000a\000t\000i\000o\000n}{section.4.8}% 110
\BOOKMARK [3][-]{subsubsection.4.8.3.1}{\376\377\0004\000.\0008\000.\0003\000.\0001\000\040\000g\000e\000t\000F\000i\000e\000l\000d\000s\000\050\000\051}{subsection.4.8.3}% 111
\BOOKMARK [3][-]{subsubsection.4.8.3.2}{\376\377\0004\000.\0008\000.\0003\000.\0002\000\040\000g\000e\000t\000K\000e\000y\000\050\000\051}{subsection.4.8.3}% 112
\BOOKMARK [2][-]{subsection.4.8.4}{\376\377\0004\000.\0008\000.\0004\000\040\000M\000e\000m\000b\000e\000r\000\040\000D\000a\000t\000a\000\040\000D\000o\000c\000u\000m\000e\000n\000t\000a\000t\000i\000o\000n}{section.4.8}% 113
\BOOKMARK [3][-]{subsubsection.4.8.4.1}{\376\377\0004\000.\0008\000.\0004\000.\0001\000\040\000f\000i\000e\000l\000d\000s}{subsection.4.8.4}% 114
\BOOKMARK [1][-]{section.4.9}{\376\377\0004\000.\0009\000\040\000Z\000i\000p\000R\000e\000c\000o\000r\000d\000\040\000S\000t\000r\000u\000c\000t\000\040\000R\000e\000f\000e\000r\000e\000n\000c\000e}{chapter.4}% 115
\BOOKMARK [2][-]{subsection.4.9.1}{\376\377\0004\000.\0009\000.\0001\000\040\000D\000e\000t\000a\000i\000l\000e\000d\000\040\000D\000e\000s\000c\000r\000i\000p\000t\000i\000o\000n}{section.4.9}% 116
\BOOKMARK [2][-]{subsection.4.9.2}{\376\377\0004\000.\0009\000.\0002\000\040\000M\000e\000m\000b\000e\000r\000\040\000D\000a\000t\000a\000\040\000D\000o\000c\000u\000m\000e\000n\000t\000a\000t\000i\000o\000n}{section.4.9}% 117
\BOOKMARK [3][-]{subsubsection.4.9.2.1}{\376\377\0004\000.\0009\000.\0002\000.\0001\000\040\000c\000o\000u\000n\000t\000y}{subsection.4.9.2}% 118
\BOOKMARK [3][-]{subsubsection.4.9.2.2}{\376\377\0004\000.\0009\000.\0002\000.\0002\000\040\000l\000a\000t\000i\000t\000u\000d\000e}{subsection.4.9.2}% 119
\BOOKMARK [3][-]{subsubsection.4.9.2.3}{\376\377\0004\000.\0009\000.\0002\000.\0003\000\040\000l\000o\000n\000g\000i\000t\000u\000d\000e}{subsection.4.9.2}% 120
\BOOKMARK [3][-]{subsubsection.4.9.2.4}{\376\377\0004\000.\0009\000.\0002\000.\0004\000\040\000p\000l\000a\000c\000e\000N\000a\000m\000e}{subsection.4.9.2}% 121
\BOOKMARK [3][-]{subsubsection.4.9.2.5}{\376\377\0004\000.\0009\000.\0002\000.\0005\000\040\000s\000t\000a\000t\000e}{subsection.4.9.2}% 122
\BOOKMARK [3][-]{subsubsection.4.9.2.6}{\376\377\0004\000.\0009\000.\0002\000.\0006\000\040\000z\000i\000p\000C\000o\000d\000e}{subsection.4.9.2}% 123
\BOOKMARK [0][-]{chapter.5}{\376\377\0005\000\040\000F\000i\000l\000e\000\040\000D\000o\000c\000u\000m\000e\000n\000t\000a\000t\000i\000o\000n}{}% 124
\BOOKMARK [1][-]{section.5.1}{\376\377\0005\000.\0001\000\040\000B\000l\000o\000c\000k\000B\000u\000f\000f\000e\000r\000.\000c\000p\000p\000\040\000F\000i\000l\000e\000\040\000R\000e\000f\000e\000r\000e\000n\000c\000e}{chapter.5}% 125
\BOOKMARK [2][-]{subsection.5.1.1}{\376\377\0005\000.\0001\000.\0001\000\040\000D\000e\000t\000a\000i\000l\000e\000d\000\040\000D\000e\000s\000c\000r\000i\000p\000t\000i\000o\000n}{section.5.1}% 126
\BOOKMARK [1][-]{section.5.2}{\376\377\0005\000.\0002\000\040\000B\000l\000o\000c\000k\000B\000u\000f\000f\000e\000r\000.\000c\000p\000p}{chapter.5}% 127
\BOOKMARK [1][-]{section.5.3}{\376\377\0005\000.\0003\000\040\000B\000l\000o\000c\000k\000B\000u\000f\000f\000e\000r\000.\000h\000\040\000F\000i\000l\000e\000\040\000R\000e\000f\000e\000r\000e\000n\000c\000e}{chapter.5}% 128
\BOOKMARK [2][-]{subsection.5.3.1}{\376\377\0005\000.\0003\000.\0001\000\040\000D\000e\000t\000a\000i\000l\000e\000d\000\040\000D\000e\000s\000c\000r\000i\000p\000t\000i\000o\000n}{section.5.3}% 129
\BOOKMARK [1][-]{section.5.4}{\376\377\0005\000.\0004\000\040\000B\000l\000o\000c\000k\000B\000u\000f\000f\000e\000r\000.\000h}{chapter.5}% 130
\BOOKMARK [1][-]{section.5.5}{\376\377\0005\000.\0005\000\040\000B\000u\000i\000l\000d\000I\000n\000d\000e\000x\000.\000c\000p\000p\000\040\000F\000i\000l\000e\000\040\000R\000e\000f\000e\000r\000e\000n\000c\000e}{chapter.5}% 131
\BOOKMARK [2][-]{subsection.5.5.1}{\376\377\0005\000.\0005\000.\0001\000\040\000D\000e\000t\000a\000i\000l\000e\000d\000\040\000D\000e\000s\000c\000r\000i\000p\000t\000i\000o\000n}{section.5.5}% 132
\BOOKMARK [2][-]{subsection.5.5.2}{\376\377\0005\000.\0005\000.\0002\000\040\000F\000u\000n\000c\000t\000i\000o\000n\000\040\000D\000o\000c\000u\000m\000e\000n\000t\000a\000t\000i\000o\000n}{section.5.5}% 133
\BOOKMARK [3][-]{subsubsection.5.5.2.1}{\376\377\0005\000.\0005\000.\0002\000.\0001\000\040\000e\000x\000t\000r\000a\000c\000t\000K\000e\000y\000\050\000\051}{subsection.5.5.2}% 134
\BOOKMARK [3][-]{subsubsection.5.5.2.2}{\376\377\0005\000.\0005\000.\0002\000.\0002\000\040\000m\000a\000i\000n\000\050\000\051}{subsection.5.5.2}% 135
\BOOKMARK [1][-]{section.5.6}{\376\377\0005\000.\0006\000\040\000B\000u\000i\000l\000d\000I\000n\000d\000e\000x\000.\000c\000p\000p}{chapter.5}% 136
\BOOKMARK [1][-]{section.5.7}{\376\377\0005\000.\0007\000\040\000C\000o\000n\000v\000e\000r\000t\000T\000o\000B\000l\000o\000c\000k\000e\000d\000.\000c\000p\000p\000\040\000F\000i\000l\000e\000\040\000R\000e\000f\000e\000r\000e\000n\000c\000e}{chapter.5}% 137
\BOOKMARK [2][-]{subsection.5.7.1}{\376\377\0005\000.\0007\000.\0001\000\040\000D\000e\000t\000a\000i\000l\000e\000d\000\040\000D\000e\000s\000c\000r\000i\000p\000t\000i\000o\000n}{section.5.7}% 138
\BOOKMARK [2][-]{subsection.5.7.2}{\376\377\0005\000.\0007\000.\0002\000\040\000F\000u\000n\000c\000t\000i\000o\000n\000\040\000D\000o\000c\000u\000m\000e\000n\000t\000a\000t\000i\000o\000n}{section.5.7}% 139
\BOOKMARK [3][-]{subsubsection.5.7.2.1}{\376\377\0005\000.\0007\000.\0002\000.\0001\000\040\000m\000a\000i\000n\000\050\000\051}{subsection.5.7.2}% 140
\BOOKMARK [1][-]{section.5.8}{\376\377\0005\000.\0008\000\040\000C\000o\000n\000v\000e\000r\000t\000T\000o\000B\000l\000o\000c\000k\000e\000d\000.\000c\000p\000p}{chapter.5}% 141
\BOOKMARK [1][-]{section.5.9}{\376\377\0005\000.\0009\000\040\000C\000S\000V\000B\000u\000f\000f\000e\000r\000.\000c\000p\000p\000\040\000F\000i\000l\000e\000\040\000R\000e\000f\000e\000r\000e\000n\000c\000e}{chapter.5}% 142
\BOOKMARK [2][-]{subsection.5.9.1}{\376\377\0005\000.\0009\000.\0001\000\040\000D\000e\000t\000a\000i\000l\000e\000d\000\040\000D\000e\000s\000c\000r\000i\000p\000t\000i\000o\000n}{section.5.9}% 143
\BOOKMARK [1][-]{section.5.10}{\376\377\0005\000.\0001\0000\000\040\000C\000S\000V\000B\000u\000f\000f\000e\000r\000.\000c\000p\000p}{chapter.5}% 144
\BOOKMARK [1][-]{section.5.11}{\376\377\0005\000.\0001\0001\000\040\000C\000S\000V\000B\000u\000f\000f\000e\000r\000.\000h\000\040\000F\000i\000l\000e\000\040\000R\000e\000f\000e\000r\000e\000n\000c\000e}{chapter.5}% 145
\BOOKMARK [1][-]{section.5.12}{\376\377\0005\000.\0001\0002\000\040\000C\000S\000V\000B\000u\000f\000f\000e\000r\000.\000h}{chapter.5}% 146
\BOOKMARK [1][-]{section.5.13}{\376\377\0005\000.\0001\0003\000\040\000D\000e\000l\000e\000t\000e\000R\000e\000c\000o\000r\000d\000.\000c\000p\000p\000\040\000F\000i\000l\000e\000\040\000R\000e\000f\000e\000r\000e\000n\000c\000e}{chapter.5}% 147
\BOOKMARK [2][-]{subsection.5.13.1}{\376\377\0005\000.\0001\0003\000.\0001\000\040\000D\000e\000t\000a\000i\000l\000e\000d\000\040\000D\000e\000s\000c\000r\000i\000p\000t\000i\000o\000n}{section.5.13}% 148
\BOOKMARK [2][-]{subsection.5.13.2}{\376\377\0005\000.\0001\0003\000.\0002\000\040\000F\000u\000n\000c\000t\000i\000o\000n\000\040\000D\000o\000c\000u\000m\000e\000n\000t\000a\000t\000i\000o\000n}{section.5.13}% 149
\BOOKMARK [3][-]{subsubsection.5.13.2.1}{\376\377\0005\000.\0001\0003\000.\0002\000.\0001\000\040\000e\000x\000t\000r\000a\000c\000t\000K\000e\000y\000\050\000\051}{subsection.5.13.2}% 150
\BOOKMARK [3][-]{subsubsection.5.13.2.2}{\376\377\0005\000.\0001\0003\000.\0002\000.\0002\000\040\000l\000o\000a\000d\000I\000n\000d\000e\000x\000\050\000\051}{subsection.5.13.2}% 151
\BOOKMARK [3][-]{subsubsection.5.13.2.3}{\376\377\0005\000.\0001\0003\000.\0002\000.\0003\000\040\000m\000a\000i\000n\000\050\000\051}{subsection.5.13.2}% 152
\BOOKMARK [3][-]{subsubsection.5.13.2.4}{\376\377\0005\000.\0001\0003\000.\0002\000.\0004\000\040\000w\000r\000i\000t\000e\000I\000n\000d\000e\000x\000\050\000\051}{subsection.5.13.2}% 153
\BOOKMARK [1][-]{section.5.14}{\376\377\0005\000.\0001\0004\000\040\000D\000e\000l\000e\000t\000e\000R\000e\000c\000o\000r\000d\000.\000c\000p\000p}{chapter.5}% 154
\BOOKMARK [1][-]{section.5.15}{\376\377\0005\000.\0001\0005\000\040\000D\000u\000m\000p\000B\000l\000o\000c\000k\000e\000d\000.\000c\000p\000p\000\040\000F\000i\000l\000e\000\040\000R\000e\000f\000e\000r\000e\000n\000c\000e}{chapter.5}% 155
\BOOKMARK [2][-]{subsection.5.15.1}{\376\377\0005\000.\0001\0005\000.\0001\000\040\000D\000e\000t\000a\000i\000l\000e\000d\000\040\000D\000e\000s\000c\000r\000i\000p\000t\000i\000o\000n}{section.5.15}% 156
\BOOKMARK [2][-]{subsection.5.15.2}{\376\377\0005\000.\0001\0005\000.\0002\000\040\000F\000u\000n\000c\000t\000i\000o\000n\000\040\000D\000o\000c\000u\000m\000e\000n\000t\000a\000t\000i\000o\000n}{section.5.15}% 157
\BOOKMARK [3][-]{subsubsection.5.15.2.1}{\376\377\0005\000.\0001\0005\000.\0002\000.\0001\000\040\000d\000u\000m\000p\000L\000o\000g\000i\000c\000a\000l\000\050\000\051}{subsection.5.15.2}% 158
\BOOKMARK [3][-]{subsubsection.5.15.2.2}{\376\377\0005\000.\0001\0005\000.\0002\000.\0002\000\040\000d\000u\000m\000p\000P\000h\000y\000s\000i\000c\000a\000l\000\050\000\051}{subsection.5.15.2}% 159
\BOOKMARK [3][-]{subsubsection.5.15.2.3}{\376\377\0005\000.\0001\0005\000.\0002\000.\0003\000\040\000m\000a\000i\000n\000\050\000\051}{subsection.5.15.2}% 160
\BOOKMARK [1][-]{section.5.16}{\376\377\0005\000.\0001\0006\000\040\000D\000u\000m\000p\000B\000l\000o\000c\000k\000e\000d\000.\000c\000p\000p}{chapter.5}% 161
\BOOKMARK [1][-]{section.5.17}{\376\377\0005\000.\0001\0007\000\040\000D\000u\000m\000p\000U\000t\000i\000l\000i\000t\000y\000.\000c\000p\000p\000\040\000F\000i\000l\000e\000\040\000R\000e\000f\000e\000r\000e\000n\000c\000e}{chapter.5}% 162
\BOOKMARK [2][-]{subsection.5.17.1}{\376\377\0005\000.\0001\0007\000.\0001\000\040\000D\000e\000t\000a\000i\000l\000e\000d\000\040\000D\000e\000s\000c\000r\000i\000p\000t\000i\000o\000n}{section.5.17}% 163
\BOOKMARK [2][-]{subsection.5.17.2}{\376\377\0005\000.\0001\0007\000.\0002\000\040\000F\000u\000n\000c\000t\000i\000o\000n\000\040\000D\000o\000c\000u\000m\000e\000n\000t\000a\000t\000i\000o\000n}{section.5.17}% 164
\BOOKMARK [3][-]{subsubsection.5.17.2.1}{\376\377\0005\000.\0001\0007\000.\0002\000.\0001\000\040\000d\000u\000m\000p\000B\000y\000L\000o\000g\000i\000c\000a\000l\000O\000r\000d\000e\000r\000\050\000\051}{subsection.5.17.2}% 165
\BOOKMARK [3][-]{subsubsection.5.17.2.2}{\376\377\0005\000.\0001\0007\000.\0002\000.\0002\000\040\000d\000u\000m\000p\000B\000y\000P\000h\000y\000s\000i\000c\000a\000l\000O\000r\000d\000e\000r\000\050\000\051}{subsection.5.17.2}% 166
\BOOKMARK [3][-]{subsubsection.5.17.2.3}{\376\377\0005\000.\0001\0007\000.\0002\000.\0003\000\040\000p\000r\000i\000n\000t\000A\000v\000a\000i\000l\000\050\000\051}{subsection.5.17.2}% 167
\BOOKMARK [3][-]{subsubsection.5.17.2.4}{\376\377\0005\000.\0001\0007\000.\0002\000.\0004\000\040\000p\000r\000i\000n\000t\000B\000l\000o\000c\000k\000\050\000\051}{subsection.5.17.2}% 168
\BOOKMARK [1][-]{section.5.18}{\376\377\0005\000.\0001\0008\000\040\000D\000u\000m\000p\000U\000t\000i\000l\000i\000t\000y\000.\000c\000p\000p}{chapter.5}% 169
\BOOKMARK [1][-]{section.5.19}{\376\377\0005\000.\0001\0009\000\040\000D\000u\000m\000p\000U\000t\000i\000l\000i\000t\000y\000.\000h\000\040\000F\000i\000l\000e\000\040\000R\000e\000f\000e\000r\000e\000n\000c\000e}{chapter.5}% 170
\BOOKMARK [2][-]{subsection.5.19.1}{\376\377\0005\000.\0001\0009\000.\0001\000\040\000D\000e\000t\000a\000i\000l\000e\000d\000\040\000D\000e\000s\000c\000r\000i\000p\000t\000i\000o\000n}{section.5.19}% 171
\BOOKMARK [2][-]{subsection.5.19.2}{\376\377\0005\000.\0001\0009\000.\0002\000\040\000F\000u\000n\000c\000t\000i\000o\000n\000\040\000D\000o\000c\000u\000m\000e\000n\000t\000a\000t\000i\000o\000n}{section.5.19}% 172
\BOOKMARK [3][-]{subsubsection.5.19.2.1}{\376\377\0005\000.\0001\0009\000.\0002\000.\0001\000\040\000d\000u\000m\000p\000B\000y\000L\000o\000g\000i\000c\000a\000l\000O\000r\000d\000e\000r\000\050\000\051}{subsection.5.19.2}% 173
\BOOKMARK [3][-]{subsubsection.5.19.2.2}{\376\377\0005\000.\0001\0009\000.\0002\000.\0002\000\040\000d\000u\000m\000p\000B\000y\000P\000h\000y\000s\000i\000c\000a\000l\000O\000r\000d\000e\000r\000\050\000\051}{subsection.5.19.2}% 174
\BOOKMARK [1][-]{section.5.20}{\376\377\0005\000.\0002\0000\000\040\000D\000u\000m\000p\000U\000t\000i\000l\000i\000t\000y\000.\000h}{chapter.5}% 175
\BOOKMARK [1][-]{section.5.21}{\376\377\0005\000.\0002\0001\000\040\000H\000e\000a\000d\000e\000r\000A\000n\000d\000B\000l\000o\000c\000k\000S\000t\000r\000u\000c\000t\000u\000r\000e\000s\000.\000h\000\040\000F\000i\000l\000e\000\040\000R\000e\000f\000e\000r\000e\000n\000c\000e}{chapter.5}% 176
\BOOKMARK [2][-]{subsection.5.21.1}{\376\377\0005\000.\0002\0001\000.\0001\000\040\000D\000e\000t\000a\000i\000l\000e\000d\000\040\000D\000e\000s\000c\000r\000i\000p\000t\000i\000o\000n}{section.5.21}% 177
\BOOKMARK [1][-]{section.5.22}{\376\377\0005\000.\0002\0002\000\040\000H\000e\000a\000d\000e\000r\000A\000n\000d\000B\000l\000o\000c\000k\000S\000t\000r\000u\000c\000t\000u\000r\000e\000s\000.\000h}{chapter.5}% 178
\BOOKMARK [1][-]{section.5.23}{\376\377\0005\000.\0002\0003\000\040\000H\000e\000a\000d\000e\000r\000B\000u\000f\000f\000e\000r\000.\000h\000\040\000F\000i\000l\000e\000\040\000R\000e\000f\000e\000r\000e\000n\000c\000e}{chapter.5}% 179
\BOOKMARK [2][-]{subsection.5.23.1}{\376\377\0005\000.\0002\0003\000.\0001\000\040\000D\000e\000t\000a\000i\000l\000e\000d\000\040\000D\000e\000s\000c\000r\000i\000p\000t\000i\000o\000n}{section.5.23}% 180
\BOOKMARK [1][-]{section.5.24}{\376\377\0005\000.\0002\0004\000\040\000H\000e\000a\000d\000e\000r\000B\000u\000f\000f\000e\000r\000.\000h}{chapter.5}% 181
\BOOKMARK [1][-]{section.5.25}{\376\377\0005\000.\0002\0005\000\040\000H\000e\000a\000d\000e\000r\000B\000u\000f\000f\000e\000r\0003\000.\000c\000p\000p\000\040\000F\000i\000l\000e\000\040\000R\000e\000f\000e\000r\000e\000n\000c\000e}{chapter.5}% 182
\BOOKMARK [2][-]{subsection.5.25.1}{\376\377\0005\000.\0002\0005\000.\0001\000\040\000D\000e\000t\000a\000i\000l\000e\000d\000\040\000D\000e\000s\000c\000r\000i\000p\000t\000i\000o\000n}{section.5.25}% 183
\BOOKMARK [1][-]{section.5.26}{\376\377\0005\000.\0002\0006\000\040\000H\000e\000a\000d\000e\000r\000B\000u\000f\000f\000e\000r\0003\000.\000c\000p\000p}{chapter.5}% 184
\BOOKMARK [1][-]{section.5.27}{\376\377\0005\000.\0002\0007\000\040\000H\000e\000a\000d\000e\000r\000B\000u\000f\000f\000e\000r\0003\000.\000h\000\040\000F\000i\000l\000e\000\040\000R\000e\000f\000e\000r\000e\000n\000c\000e}{chapter.5}% 185
\BOOKMARK [2][-]{subsection.5.27.1}{\376\377\0005\000.\0002\0007\000.\0001\000\040\000D\000e\000t\000a\000i\000l\000e\000d\000\040\000D\000e\000s\000c\000r\000i\000p\000t\000i\000o\000n}{section.5.27}% 186
\BOOKMARK [1][-]{section.5.28}{\376\377\0005\000.\0002\0008\000\040\000H\000e\000a\000d\000e\000r\000B\000u\000f\000f\000e\000r\0003\000.\000h}{chapter.5}% 187
\BOOKMARK [1][-]{section.5.29}{\376\377\0005\000.\0002\0009\000\040\000I\000n\000s\000e\000r\000t\000R\000e\000c\000o\000r\000d\000.\000c\000p\000p\000\040\000F\000i\000l\000e\000\040\000R\000e\000f\000e\000r\000e\000n\000c\000e}{chapter.5}% 188
\BOOKMARK [2][-]{subsection.5.29.1}{\376\377\0005\000.\0002\0009\000.\0001\000\040\000D\000e\000t\000a\000i\000l\000e\000d\000\040\000D\000e\000s\000c\000r\000i\000p\000t\000i\000o\000n}{section.5.29}% 189
\BOOKMARK [2][-]{subsection.5.29.2}{\376\377\0005\000.\0002\0009\000.\0002\000\040\000F\000u\000n\000c\000t\000i\000o\000n\000\040\000D\000o\000c\000u\000m\000e\000n\000t\000a\000t\000i\000o\000n}{section.5.29}% 190
\BOOKMARK [3][-]{subsubsection.5.29.2.1}{\376\377\0005\000.\0002\0009\000.\0002\000.\0001\000\040\000e\000x\000t\000r\000a\000c\000t\000K\000e\000y\000\050\000\051}{subsection.5.29.2}% 191
\BOOKMARK [3][-]{subsubsection.5.29.2.2}{\376\377\0005\000.\0002\0009\000.\0002\000.\0002\000\040\000l\000o\000a\000d\000I\000n\000d\000e\000x\000\050\000\051}{subsection.5.29.2}% 192
\BOOKMARK [3][-]{subsubsection.5.29.2.3}{\376\377\0005\000.\0002\0009\000.\0002\000.\0003\000\040\000m\000a\000i\000n\000\050\000\051}{subsection.5.29.2}% 193
\BOOKMARK [3][-]{subsubsection.5.29.2.4}{\376\377\0005\000.\0002\0009\000.\0002\000.\0004\000\040\000w\000r\000i\000t\000e\000I\000n\000d\000e\000x\000\050\000\051}{subsection.5.29.2}% 194
\BOOKMARK [1][-]{section.5.30}{\376\377\0005\000.\0003\0000\000\040\000I\000n\000s\000e\000r\000t\000R\000e\000c\000o\000r\000d\000.\000c\000p\000p}{chapter.5}% 195
\BOOKMARK [1][-]{section.5.31}{\376\377\0005\000.\0003\0001\000\040\000m\000a\000i\000n\000.\000c\000p\000p\000\040\000F\000i\000l\000e\000\040\000R\000e\000f\000e\000r\000e\000n\000c\000e}{chapter.5}% 196
\BOOKMARK [2][-]{subsection.5.31.1}{\376\377\0005\000.\0003\0001\000.\0001\000\040\000D\000e\000t\000a\000i\000l\000e\000d\000\040\000D\000e\000s\000c\000r\000i\000p\000t\000i\000o\000n}{section.5.31}% 197
\BOOKMARK [2][-]{subsection.5.31.2}{\376\377\0005\000.\0003\0001\000.\0002\000\040\000F\000u\000n\000c\000t\000i\000o\000n\000\040\000D\000o\000c\000u\000m\000e\000n\000t\000a\000t\000i\000o\000n}{section.5.31}% 198
\BOOKMARK [3][-]{subsubsection.5.31.2.1}{\376\377\0005\000.\0003\0001\000.\0002\000.\0001\000\040\000m\000a\000i\000n\000\050\000\051}{subsection.5.31.2}% 199
\BOOKMARK [1][-]{section.5.32}{\376\377\0005\000.\0003\0002\000\040\000m\000a\000i\000n\000.\000c\000p\000p}{chapter.5}% 200
\BOOKMARK [1][-]{section.5.33}{\376\377\0005\000.\0003\0003\000\040\000R\000E\000A\000D\000M\000E\000.\000m\000d\000\040\000F\000i\000l\000e\000\040\000R\000e\000f\000e\000r\000e\000n\000c\000e}{chapter.5}% 201
\BOOKMARK [1][-]{section.5.34}{\376\377\0005\000.\0003\0004\000\040\000R\000e\000c\000o\000r\000d\000B\000u\000f\000f\000e\000r\000.\000c\000p\000p\000\040\000F\000i\000l\000e\000\040\000R\000e\000f\000e\000r\000e\000n\000c\000e}{chapter.5}% 202
\BOOKMARK [2][-]{subsection.5.34.1}{\376\377\0005\000.\0003\0004\000.\0001\000\040\000D\000e\000t\000a\000i\000l\000e\000d\000\040\000D\000e\000s\000c\000r\000i\000p\000t\000i\000o\000n}{section.5.34}% 203
\BOOKMARK [1][-]{section.5.35}{\376\377\0005\000.\0003\0005\000\040\000R\000e\000c\000o\000r\000d\000B\000u\000f\000f\000e\000r\000.\000c\000p\000p}{chapter.5}% 204
\BOOKMARK [1][-]{section.5.36}{\376\377\0005\000.\0003\0006\000\040\000R\000e\000c\000o\000r\000d\000B\000u\000f\000f\000e\000r\000.\000h\000\040\000F\000i\000l\000e\000\040\000R\000e\000f\000e\000r\000e\000n\000c\000e}{chapter.5}% 205
\BOOKMARK [2][-]{subsection.5.36.1}{\376\377\0005\000.\0003\0006\000.\0001\000\040\000D\000e\000t\000a\000i\000l\000e\000d\000\040\000D\000e\000s\000c\000r\000i\000p\000t\000i\000o\000n}{section.5.36}% 206
\BOOKMARK [1][-]{section.5.37}{\376\377\0005\000.\0003\0007\000\040\000R\000e\000c\000o\000r\000d\000B\000u\000f\000f\000e\000r\000.\000h}{chapter.5}% 207
\BOOKMARK [1][-]{section.5.38}{\376\377\0005\000.\0003\0008\000\040\000S\000e\000a\000r\000c\000h\000I\000n\000d\000e\000x\000.\000c\000p\000p\000\040\000F\000i\000l\000e\000\040\000R\000e\000f\000e\000r\000e\000n\000c\000e}{chapter.5}% 208
\BOOKMARK [2][-]{subsection.5.38.1}{\376\377\0005\000.\0003\0008\000.\0001\000\040\000D\000e\000t\000a\000i\000l\000e\000d\000\040\000D\000e\000s\000c\000r\000i\000p\000t\000i\000o\000n}{section.5.38}% 209
\BOOKMARK [2][-]{subsection.5.38.2}{\376\377\0005\000.\0003\0008\000.\0002\000\040\000F\000u\000n\000c\000t\000i\000o\000n\000\040\000D\000o\000c\000u\000m\000e\000n\000t\000a\000t\000i\000o\000n}{section.5.38}% 210
\BOOKMARK [3][-]{subsubsection.5.38.2.1}{\376\377\0005\000.\0003\0008\000.\0002\000.\0001\000\040\000e\000x\000t\000r\000a\000c\000t\000K\000e\000y\000\050\000\051}{subsection.5.38.2}% 211
\BOOKMARK [3][-]{subsubsection.5.38.2.2}{\376\377\0005\000.\0003\0008\000.\0002\000.\0002\000\040\000l\000o\000a\000d\000I\000n\000d\000e\000x\000\050\000\051}{subsection.5.38.2}% 212
\BOOKMARK [3][-]{subsubsection.5.38.2.3}{\376\377\0005\000.\0003\0008\000.\0002\000.\0003\000\040\000l\000o\000c\000a\000t\000e\000B\000l\000o\000c\000k\000\050\000\051}{subsection.5.38.2}% 213
\BOOKMARK [3][-]{subsubsection.5.38.2.4}{\376\377\0005\000.\0003\0008\000.\0002\000.\0004\000\040\000m\000a\000i\000n\000\050\000\051}{subsection.5.38.2}% 214
\BOOKMARK [1][-]{section.5.39}{\376\377\0005\000.\0003\0009\000\040\000S\000e\000a\000r\000c\000h\000I\000n\000d\000e\000x\000.\000c\000p\000p}{chapter.5}% 215
\BOOKMARK [0][-]{section*.110}{\376\377\000I\000n\000d\000e\000x}{}% 216
